Archive member included because of file (symbol)

c:/winavr-20100110/bin/../lib/gcc/avr/4.3.3/avr5\libgcc.a(_exit.o)
                              c:/winavr-20100110/bin/../lib/gcc/avr/4.3.3/../../../../avr/lib/avr5/crtm16.o (exit)
c:/winavr-20100110/bin/../lib/gcc/avr/4.3.3/avr5\libgcc.a(_copy_data.o)
                              ./SRC/HAL/stepper_motor/STEPPER_program.o (__do_copy_data)
c:/winavr-20100110/bin/../lib/gcc/avr/4.3.3/avr5\libgcc.a(_clear_bss.o)
                              ./SRC/MCAL/EXTI/EXTI.o (__do_clear_bss)

Memory Configuration

Name             Origin             Length             Attributes
text             0x00000000         0x00020000         xr
data             0x00800060         0x0000ffa0         rw !x
eeprom           0x00810000         0x00010000         rw !x
fuse             0x00820000         0x00000400         rw !x
lock             0x00830000         0x00000400         rw !x
signature        0x00840000         0x00000400         rw !x
*default*        0x00000000         0xffffffff

Linker script and memory map

LOAD c:/winavr-20100110/bin/../lib/gcc/avr/4.3.3/../../../../avr/lib/avr5/crtm16.o
LOAD ./SRC/MCAL/EXTI/EXTI.o
LOAD ./SRC/MCAL/DIO/DIO.o
LOAD ./SRC/HAL/stepper_motor/STEPPER_program.o
LOAD ./SRC/main.o
LOAD c:/winavr-20100110/bin/../lib/gcc/avr/4.3.3/avr5\libgcc.a
LOAD c:/winavr-20100110/bin/../lib/gcc/avr/4.3.3/../../../../avr/lib/avr5\libc.a
LOAD c:/winavr-20100110/bin/../lib/gcc/avr/4.3.3/avr5\libgcc.a

.hash
 *(.hash)

.dynsym
 *(.dynsym)

.dynstr
 *(.dynstr)

.gnu.version
 *(.gnu.version)

.gnu.version_d
 *(.gnu.version_d)

.gnu.version_r
 *(.gnu.version_r)

.rel.init
 *(.rel.init)

.rela.init
 *(.rela.init)

.rel.text
 *(.rel.text)
 *(.rel.text.*)
 *(.rel.gnu.linkonce.t*)

.rela.text
 *(.rela.text)
 *(.rela.text.*)
 *(.rela.gnu.linkonce.t*)

.rel.fini
 *(.rel.fini)

.rela.fini
 *(.rela.fini)

.rel.rodata
 *(.rel.rodata)
 *(.rel.rodata.*)
 *(.rel.gnu.linkonce.r*)

.rela.rodata
 *(.rela.rodata)
 *(.rela.rodata.*)
 *(.rela.gnu.linkonce.r*)

.rel.data
 *(.rel.data)
 *(.rel.data.*)
 *(.rel.gnu.linkonce.d*)

.rela.data
 *(.rela.data)
 *(.rela.data.*)
 *(.rela.gnu.linkonce.d*)

.rel.ctors
 *(.rel.ctors)

.rela.ctors
 *(.rela.ctors)

.rel.dtors
 *(.rel.dtors)

.rela.dtors
 *(.rela.dtors)

.rel.got
 *(.rel.got)

.rela.got
 *(.rela.got)

.rel.bss
 *(.rel.bss)

.rela.bss
 *(.rela.bss)

.rel.plt
 *(.rel.plt)

.rela.plt
 *(.rela.plt)

.text           0x00000000      0x73a
 *(.vectors)
 .vectors       0x00000000       0x54 c:/winavr-20100110/bin/../lib/gcc/avr/4.3.3/../../../../avr/lib/avr5/crtm16.o
                0x00000000                __vectors
                0x00000000                __vector_default
 *(.vectors)
 *(.progmem.gcc*)
 *(.progmem*)
                0x00000054                . = ALIGN (0x2)
                0x00000054                __trampolines_start = .
 *(.trampolines)
 .trampolines   0x00000054        0x0 linker stubs
 *(.trampolines*)
                0x00000054                __trampolines_end = .
 *(.jumptables)
 *(.jumptables*)
 *(.lowtext)
 *(.lowtext*)
                0x00000054                __ctors_start = .
 *(.ctors)
                0x00000054                __ctors_end = .
                0x00000054                __dtors_start = .
 *(.dtors)
                0x00000054                __dtors_end = .
 SORT(*)(.ctors)
 SORT(*)(.dtors)
 *(.init0)
 .init0         0x00000054        0x0 c:/winavr-20100110/bin/../lib/gcc/avr/4.3.3/../../../../avr/lib/avr5/crtm16.o
                0x00000054                __init
 *(.init0)
 *(.init1)
 *(.init1)
 *(.init2)
 .init2         0x00000054        0xc c:/winavr-20100110/bin/../lib/gcc/avr/4.3.3/../../../../avr/lib/avr5/crtm16.o
 *(.init2)
 *(.init3)
 *(.init3)
 *(.init4)
 .init4         0x00000060       0x16 c:/winavr-20100110/bin/../lib/gcc/avr/4.3.3/avr5\libgcc.a(_copy_data.o)
                0x00000060                __do_copy_data
 .init4         0x00000076       0x10 c:/winavr-20100110/bin/../lib/gcc/avr/4.3.3/avr5\libgcc.a(_clear_bss.o)
                0x00000076                __do_clear_bss
 *(.init4)
 *(.init5)
 *(.init5)
 *(.init6)
 *(.init6)
 *(.init7)
 *(.init7)
 *(.init8)
 *(.init8)
 *(.init9)
 .init9         0x00000086        0x8 c:/winavr-20100110/bin/../lib/gcc/avr/4.3.3/../../../../avr/lib/avr5/crtm16.o
 *(.init9)
 *(.text)
 .text          0x0000008e        0x4 c:/winavr-20100110/bin/../lib/gcc/avr/4.3.3/../../../../avr/lib/avr5/crtm16.o
                0x0000008e                __vector_12
                0x0000008e                __bad_interrupt
                0x0000008e                __vector_6
                0x0000008e                __vector_13
                0x0000008e                __vector_17
                0x0000008e                __vector_19
                0x0000008e                __vector_7
                0x0000008e                __vector_5
                0x0000008e                __vector_4
                0x0000008e                __vector_9
                0x0000008e                __vector_15
                0x0000008e                __vector_8
                0x0000008e                __vector_14
                0x0000008e                __vector_10
                0x0000008e                __vector_16
                0x0000008e                __vector_18
                0x0000008e                __vector_20
 .text          0x00000092        0x0 ./SRC/MCAL/EXTI/EXTI.o
 .text          0x00000092        0x0 ./SRC/MCAL/DIO/DIO.o
 .text          0x00000092        0x0 ./SRC/HAL/stepper_motor/STEPPER_program.o
 .text          0x00000092        0x0 ./SRC/main.o
 .text          0x00000092        0x0 c:/winavr-20100110/bin/../lib/gcc/avr/4.3.3/avr5\libgcc.a(_exit.o)
 .text          0x00000092        0x0 c:/winavr-20100110/bin/../lib/gcc/avr/4.3.3/avr5\libgcc.a(_copy_data.o)
 .text          0x00000092        0x0 c:/winavr-20100110/bin/../lib/gcc/avr/4.3.3/avr5\libgcc.a(_clear_bss.o)
                0x00000092                . = ALIGN (0x2)
 *(.text.*)
 .text.EXTI_enable
                0x00000092       0x3e ./SRC/MCAL/EXTI/EXTI.o
                0x00000092                EXTI_enable
 .text.EXTI_disable
                0x000000d0       0x3e ./SRC/MCAL/EXTI/EXTI.o
                0x000000d0                EXTI_disable
 .text.__vector_1
                0x0000010e       0x52 ./SRC/MCAL/EXTI/EXTI.o
                0x0000010e                __vector_1
 .text.__vector_2
                0x00000160       0x52 ./SRC/MCAL/EXTI/EXTI.o
                0x00000160                __vector_2
 .text.__vector_3
                0x000001b2       0x52 ./SRC/MCAL/EXTI/EXTI.o
                0x000001b2                __vector_3
 .text.DIO_set_pin_direction
                0x00000204       0xdc ./SRC/MCAL/DIO/DIO.o
                0x00000204                DIO_set_pin_direction
 .text.DIO_read_pin_value
                0x000002e0       0x40 ./SRC/MCAL/DIO/DIO.o
                0x000002e0                DIO_read_pin_value
 .text.DIO_write_pin_value
                0x00000320       0xdc ./SRC/MCAL/DIO/DIO.o
                0x00000320                DIO_write_pin_value
 .text.DIO_toggle_pin_value
                0x000003fc       0x6a ./SRC/MCAL/DIO/DIO.o
                0x000003fc                DIO_toggle_pin_value
 .text.DIO_set_port_direction
                0x00000466       0x22 ./SRC/MCAL/DIO/DIO.o
                0x00000466                DIO_set_port_direction
 .text.DIO_read_port_value
                0x00000488       0x24 ./SRC/MCAL/DIO/DIO.o
                0x00000488                DIO_read_port_value
 .text.DIO_write_port_value
                0x000004ac       0x22 ./SRC/MCAL/DIO/DIO.o
                0x000004ac                DIO_write_port_value
 .text.Stepper_apply_step
                0x000004ce       0x68 ./SRC/HAL/stepper_motor/STEPPER_program.o
 .text.Stepper_step_CCW
                0x00000536       0x26 ./SRC/HAL/stepper_motor/STEPPER_program.o
                0x00000536                Stepper_step_CCW
 .text.Stepper_step_CW
                0x0000055c       0x44 ./SRC/HAL/stepper_motor/STEPPER_program.o
                0x0000055c                Stepper_step_CW
 .text.Stepper_init
                0x000005a0       0x2a ./SRC/HAL/stepper_motor/STEPPER_program.o
                0x000005a0                Stepper_init
 .text.ISR_BUTTON_A
                0x000005ca        0x8 ./SRC/main.o
                0x000005ca                ISR_BUTTON_A
 .text.ISR_BUTTON_B
                0x000005d2        0x8 ./SRC/main.o
                0x000005d2                ISR_BUTTON_B
 .text.beep     0x000005da       0x36 ./SRC/main.o
                0x000005da                beep
 .text.__vector_11
                0x00000610       0xaa ./SRC/main.o
                0x00000610                __vector_11
 .text.main     0x000006ba       0x7c ./SRC/main.o
                0x000006ba                main
 .text.libgcc   0x00000736        0x0 c:/winavr-20100110/bin/../lib/gcc/avr/4.3.3/avr5\libgcc.a(_exit.o)
 .text.libgcc   0x00000736        0x0 c:/winavr-20100110/bin/../lib/gcc/avr/4.3.3/avr5\libgcc.a(_copy_data.o)
 .text.libgcc   0x00000736        0x0 c:/winavr-20100110/bin/../lib/gcc/avr/4.3.3/avr5\libgcc.a(_clear_bss.o)
                0x00000736                . = ALIGN (0x2)
 *(.fini9)
 .fini9         0x00000736        0x0 c:/winavr-20100110/bin/../lib/gcc/avr/4.3.3/avr5\libgcc.a(_exit.o)
                0x00000736                exit
                0x00000736                _exit
 *(.fini9)
 *(.fini8)
 *(.fini8)
 *(.fini7)
 *(.fini7)
 *(.fini6)
 *(.fini6)
 *(.fini5)
 *(.fini5)
 *(.fini4)
 *(.fini4)
 *(.fini3)
 *(.fini3)
 *(.fini2)
 *(.fini2)
 *(.fini1)
 *(.fini1)
 *(.fini0)
 .fini0         0x00000736        0x4 c:/winavr-20100110/bin/../lib/gcc/avr/4.3.3/avr5\libgcc.a(_exit.o)
 *(.fini0)
                0x0000073a                _etext = .

.data           0x00800060       0x10 load address 0x0000073a
                0x00800060                PROVIDE (__data_start, .)
 *(.data)
 .data          0x00800060        0x0 c:/winavr-20100110/bin/../lib/gcc/avr/4.3.3/../../../../avr/lib/avr5/crtm16.o
 .data          0x00800060        0x0 ./SRC/MCAL/EXTI/EXTI.o
 .data          0x00800060        0x0 ./SRC/MCAL/DIO/DIO.o
 .data          0x00800060        0x0 ./SRC/HAL/stepper_motor/STEPPER_program.o
 .data          0x00800060        0x0 ./SRC/main.o
 .data          0x00800060        0x0 c:/winavr-20100110/bin/../lib/gcc/avr/4.3.3/avr5\libgcc.a(_exit.o)
 .data          0x00800060        0x0 c:/winavr-20100110/bin/../lib/gcc/avr/4.3.3/avr5\libgcc.a(_copy_data.o)
 .data          0x00800060        0x0 c:/winavr-20100110/bin/../lib/gcc/avr/4.3.3/avr5\libgcc.a(_clear_bss.o)
 *(.data*)
 *(.rodata)
 *(.rodata*)
 .rodata.FULL_STEP_SEQUENCE
                0x00800060       0x10 ./SRC/HAL/stepper_motor/STEPPER_program.o
 *(.gnu.linkonce.d*)
                0x00800070                . = ALIGN (0x2)
                0x00800070                _edata = .
                0x00800070                PROVIDE (__data_end, .)

.bss            0x00800070        0xd
                0x00800070                PROVIDE (__bss_start, .)
 *(.bss)
 .bss           0x00800070        0x0 c:/winavr-20100110/bin/../lib/gcc/avr/4.3.3/../../../../avr/lib/avr5/crtm16.o
 .bss           0x00800070        0x0 ./SRC/MCAL/EXTI/EXTI.o
 .bss           0x00800070        0x0 ./SRC/MCAL/DIO/DIO.o
 .bss           0x00800070        0x0 ./SRC/HAL/stepper_motor/STEPPER_program.o
 .bss           0x00800070        0x0 ./SRC/main.o
 .bss           0x00800070        0x0 c:/winavr-20100110/bin/../lib/gcc/avr/4.3.3/avr5\libgcc.a(_exit.o)
 .bss           0x00800070        0x0 c:/winavr-20100110/bin/../lib/gcc/avr/4.3.3/avr5\libgcc.a(_copy_data.o)
 .bss           0x00800070        0x0 c:/winavr-20100110/bin/../lib/gcc/avr/4.3.3/avr5\libgcc.a(_clear_bss.o)
 *(.bss*)
 .bss.int_0_clbk
                0x00800070        0x2 ./SRC/MCAL/EXTI/EXTI.o
                0x00800070                int_0_clbk
 .bss.int_1_clbk
                0x00800072        0x2 ./SRC/MCAL/EXTI/EXTI.o
                0x00800072                int_1_clbk
 .bss.int_2_clbk
                0x00800074        0x2 ./SRC/MCAL/EXTI/EXTI.o
                0x00800074                int_2_clbk
 .bss.flag_CW   0x00800076        0x1 ./SRC/main.o
                0x00800076                flag_CW
 .bss.flag_CCW  0x00800077        0x1 ./SRC/main.o
                0x00800077                flag_CCW
 .bss.steps_done
                0x00800078        0x2 ./SRC/main.o
                0x00800078                steps_done
 .bss.moving    0x0080007a        0x1 ./SRC/main.o
                0x0080007a                moving
 .bss.tick.1325
                0x0080007b        0x2 ./SRC/main.o
 *(COMMON)
                0x0080007d                PROVIDE (__bss_end, .)
                0x0000073a                __data_load_start = LOADADDR (.data)
                0x0000074a                __data_load_end = (__data_load_start + SIZEOF (.data))

.noinit         0x0080007d        0x0
                0x0080007d                PROVIDE (__noinit_start, .)
 *(.noinit*)
                0x0080007d                PROVIDE (__noinit_end, .)
                0x0080007d                _end = .
                0x0080007d                PROVIDE (__heap_start, .)

.eeprom         0x00810000        0x0
 *(.eeprom*)
                0x00810000                __eeprom_end = .

.fuse
 *(.fuse)
 *(.lfuse)
 *(.hfuse)
 *(.efuse)

.lock
 *(.lock*)

.signature
 *(.signature*)

.stab
 *(.stab)

.stabstr
 *(.stabstr)

.stab.excl
 *(.stab.excl)

.stab.exclstr
 *(.stab.exclstr)

.stab.index
 *(.stab.index)

.stab.indexstr
 *(.stab.indexstr)

.comment
 *(.comment)

.debug
 *(.debug)

.line
 *(.line)

.debug_srcinfo
 *(.debug_srcinfo)

.debug_sfnames
 *(.debug_sfnames)

.debug_aranges
 *(.debug_aranges)

.debug_pubnames
 *(.debug_pubnames)

.debug_info
 *(.debug_info)
 *(.gnu.linkonce.wi.*)

.debug_abbrev
 *(.debug_abbrev)

.debug_line
 *(.debug_line)

.debug_frame
 *(.debug_frame)

.debug_str
 *(.debug_str)

.debug_loc
 *(.debug_loc)

.debug_macinfo
 *(.debug_macinfo)
OUTPUT(EXTI_Stepper_Motor_Timer_Buzzer_ULN2003A.elf elf32-avr)
LOAD linker stubs
